redis-cli
127.0.0.1:6379> set people:name "John Doe:
Invalid argument(s)
127.0.0.1:6379>  set people:name "John Doe"
OK
127.0.0.1:6379> get people:name
"John Doe"
127.0.0.1:6379> rpush people:food "apple" "banana" "orange"
(integer) 3
127.0.0.1:6379> lrange 0 -1
(error) ERR wrong number of arguments for 'lrange' command
127.0.0.1:6379> lrange food 0 -1
(empty array)
127.0.0.1:6379> rpush people:food 0 -1
(integer) 5
127.0.0.1:6379> lrange food 0 -1
(empty array)
127.0.0.1:6379> rpush food "apple" "banana" "orange"
(integer) 3
127.0.0.1:6379> lrange food 0 -1
1) "apple"
2) "banana"
3) "orange"
127.0.0.1:6379> HMSET user:1 name "Alice" age 25
OK
127.0.0.1:6379> HMSET user:1 bname "Alice" age 25
OK
127.0.0.1:6379> HGETALL user:1
1) "name"
2) "Alice"
3) "age"
4) "25"
5) "bname"
6) "Alice"
127.0.0.1:6379> HGETALL user:1
1) "name"
2) "Alice"
3) "age"
4) "25"
5) "bname"
6) "Alice"
127.0.0.1:6379> HMSET user:1 name "Alice" age 25
OK
127.0.0.1:6379> HGETALL user:1
1) "name"
2) "Alice"
3) "age"
4) "25"
5) "bname"
6) "Alice"
127.0.0.1:6379> SADD tags:1 "red" "green" "blue"
(integer) 3
127.0.0.1:6379> SMEMBERS tags
(empty array)
127.0.0.1:6379> SMEMBERS tags:1
1) "red"
2) "green"
3) "blue"
127.0.0.1:6379>
127.0.0.1:6379> set numbers:count 17
OK
127.0.0.1:6379> incr numbers:count
(integer) 18
127.0.0.1:6379> get numbers:count
"18"
127.0.0.1:6379> del people:name
(integer) 1
127.0.0.1:6379>  get people:name
(nil)
127.0.0.1:6379> exists people:name
(integer) 0
127.0.0.1:6379> SETEX message 60 "Hello, Redis!"
OK
127.0.0.1:6379>  TTL message
(integer) 53
127.0.0.1:6379>  TTL message
(integer) 51
127.0.0.1:6379> FLUSHALL
OK
127.0.0.1:6379> exists user:1
(integer) 0
127.0.0.1:6379> GEOADD geo_locations 30.5238 50.4501 "IndependenceSquare"
(integer) 1
127.0.0.1:6379> hset students John 21
(integer) 1
127.0.0.1:6379> hset anna
(error) ERR wrong number of arguments for 'hset' command
127.0.0.1:6379>
127.0.0.1:6379>
127.0.0.1:6379> hset students Anna 19
(integer) 1
127.0.0.1:6379> hset students Tom 22
(integer) 1
127.0.0.1:6379> HGETALL students
1) "John"
2) "21"
3) "Anna"
4) "19"
5) "Tom"
6) "22"
127.0.0.1:6379> PFADD unique_users user1 user2 user3
(integer) 1
127.0.0.1:6379> MULTI
OK
127.0.0.1:6379(TX)> set user:name "John"
QUEUED
127.0.0.1:6379(TX)> EXEC
1) OK
127.0.0.1:6379> SHUTDOWN SAVE
not connected>